N/A Ut enim ad minim veniam, quis
Jan Lorem ipsum dolor sit amet
mar laboris nisi ut aliquip ex ea
May sed do eiusmod tempor incididunt
JUN nostrud exercitation ullamco
Oct ut labore et dolore magna aliqua
Dec consectetur adipiscing elit
